[2018-05-12 10:59:49,722] [INFO] [4106] [140643781101312] [recommender.py] [<module>] [474] <process_id:0, sql condition:Fauto_id between 1 and 100>
[2018-05-12 10:59:50,857] [ERROR] [4106] [140643781101312] [recommender.py] [run] [393] <KafkaError{code=_UNKNOWN_PARTITION,val=-190,str="Failed to seek to offset 0: Local: Unknown partition"}>
[2018-05-12 10:59:56,067] [INFO] [4106] [140643781101312] [recommender.py] [<module>] [474] <process_id:0, sql condition:Fauto_id between 101 and 200>
[2018-05-12 11:00:33,273] [INFO] [4386] [140388347127552] [recommender.py] [<module>] [474] <process_id:0, sql condition:Fauto_id between 1 and 100>
[2018-05-12 11:00:34,001] [INFO] [4386] [140388347127552] [recommender.py] [run] [393] <KafkaError{code=_PARTITION_EOF,val=-191,str="Broker: No more messages"}>
[2018-05-12 11:00:39,235] [INFO] [4386] [140388347127552] [recommender.py] [<module>] [474] <process_id:0, sql condition:Fauto_id between 101 and 200>
[2018-05-12 11:01:51,966] [INFO] [4410] [139842828777216] [recommender.py] [<module>] [473] <process_id:0, sql condition:Fauto_id between 1 and 100>
[2018-05-12 11:01:52,307] [INFO] [4410] [139842828777216] [recommender.py] [run] [392] <KafkaError{code=_PARTITION_EOF,val=-191,str="Broker: No more messages"}>
[2018-05-12 11:01:52,418] [INFO] [4410] [139842828777216] [recommender.py] [process_user] [372] <Traceback (most recent call last):
  File "/home/caonimabi/develop/job_data_mining/foundations/mysql_client.py", line 101, in execute
    self._cursor.execute(sql, args)
  File "/home/caonimabi/.local/lib/python3.5/site-packages/mysql/connector/cursor.py", line 561, in execute
    self._handle_result(self._connection.cmd_query(stmt))
  File "/home/caonimabi/.local/lib/python3.5/site-packages/mysql/connector/connection.py", line 525, in cmd_query
    result = self._handle_result(self._send_cmd(ServerCmd.QUERY, query))
  File "/home/caonimabi/.local/lib/python3.5/site-packages/mysql/connector/connection.py", line 427, in _handle_result
    raise errors.get_exception(packet)
mysql.connector.errors.ProgrammingError: 1146 (42S02): Table 'alashoo.t_csdn_article' doesn't exist

During handling of the above exception, another exception occurred:

Traceback (most recent call last):
  File "recommender.py", line 370, in process_user
    self.gen_result(user_id)
  File "recommender.py", line 334, in gen_result
    DB_res = self._db.query(field_list, where)
  File "/home/caonimabi/develop/job_data_mining/foundations/mysql_client.py", line 174, in query
    self.execute(sql)
  File "/home/caonimabi/develop/job_data_mining/foundations/mysql_client.py", line 104, in execute
    raise Exc(e.errno, e.msg)
foundations.exception.Exc: exception: 1146, Table 'alashoo.t_csdn_article' doesn't exist
>
[2018-05-12 11:01:57,626] [INFO] [4410] [139842828777216] [recommender.py] [<module>] [473] <process_id:0, sql condition:Fauto_id between 101 and 200>
[2018-05-12 11:03:06,269] [INFO] [4432] [140254934607616] [recommender.py] [<module>] [473] <process_id:0, sql condition:Fauto_id between 1 and 100>
[2018-05-12 11:03:06,610] [INFO] [4432] [140254934607616] [recommender.py] [run] [392] <KafkaError{code=_PARTITION_EOF,val=-191,str="Broker: No more messages"}>
[2018-05-12 11:03:11,823] [INFO] [4432] [140254934607616] [recommender.py] [<module>] [473] <process_id:0, sql condition:Fauto_id between 101 and 200>
[2018-05-12 11:04:44,364] [INFO] [4447] [140312291960576] [recommender.py] [<module>] [473] <process_id:0, sql condition:Fauto_id between 1 and 100>
[2018-05-12 11:04:44,702] [INFO] [4447] [140312291960576] [recommender.py] [run] [392] <KafkaError{code=_PARTITION_EOF,val=-191,str="Broker: No more messages"}>
[2018-05-12 11:04:49,916] [INFO] [4447] [140312291960576] [recommender.py] [<module>] [473] <process_id:0, sql condition:Fauto_id between 101 and 200>
[2018-05-12 11:11:40,623] [INFO] [4752] [140221328385792] [recommender.py] [<module>] [475] <process_id:0, sql condition:Fauto_id between 1 and 100>
[2018-05-12 11:11:41,633] [ERROR] [4752] [140221328385792] [recommender.py] [run] [394] <KafkaError{code=_UNKNOWN_PARTITION,val=-190,str="Failed to seek to offset 0: Local: Unknown partition"}>
[2018-05-12 11:11:41,633] [ERROR] [4752] [140221328385792] [recommender.py] [run] [394] <KafkaError{code=_STATE,val=-172,str="Failed to seek to offset 0: Local: Erroneous state"}>
[2018-05-12 11:11:46,940] [INFO] [4752] [140221328385792] [recommender.py] [<module>] [475] <process_id:0, sql condition:Fauto_id between 101 and 200>
[2018-05-12 11:11:53,759] [INFO] [4765] [140369629255424] [recommender.py] [<module>] [475] <process_id:0, sql condition:Fauto_id between 1 and 100>
[2018-05-12 11:11:53,890] [INFO] [4765] [140369629255424] [recommender.py] [run] [394] <KafkaError{code=_PARTITION_EOF,val=-191,str="Broker: No more messages"}>
[2018-05-12 11:11:54,000] [INFO] [4765] [140369629255424] [recommender.py] [run] [394] <KafkaError{code=_PARTITION_EOF,val=-191,str="Broker: No more messages"}>
[2018-05-12 11:11:59,219] [INFO] [4765] [140369629255424] [recommender.py] [<module>] [475] <process_id:0, sql condition:Fauto_id between 101 and 200>
[2018-05-12 11:12:25,991] [INFO] [4784] [140187374507776] [recommender.py] [<module>] [475] <process_id:0, sql condition:Fauto_id between 1 and 100>
[2018-05-12 11:12:26,335] [INFO] [4784] [140187374507776] [recommender.py] [run] [394] <KafkaError{code=_PARTITION_EOF,val=-191,str="Broker: No more messages"}>
[2018-05-12 11:12:26,544] [INFO] [4784] [140187374507776] [recommender.py] [run] [394] <KafkaError{code=_PARTITION_EOF,val=-191,str="Broker: No more messages"}>
[2018-05-12 11:12:31,757] [INFO] [4784] [140187374507776] [recommender.py] [<module>] [475] <process_id:0, sql condition:Fauto_id between 101 and 200>
[2018-05-12 11:17:10,684] [INFO] [5092] [139818913249024] [recommender.py] [<module>] [475] <process_id:0, sql condition:Fauto_id between 1 and 100>
[2018-05-12 11:17:10,810] [INFO] [5092] [139818913249024] [recommender.py] [run] [394] <KafkaError{code=_PARTITION_EOF,val=-191,str="Broker: No more messages"}>
[2018-05-12 11:17:10,917] [INFO] [5092] [139818913249024] [recommender.py] [run] [394] <KafkaError{code=_PARTITION_EOF,val=-191,str="Broker: No more messages"}>
[2018-05-12 11:17:16,141] [INFO] [5092] [139818913249024] [recommender.py] [<module>] [475] <process_id:0, sql condition:Fauto_id between 101 and 200>
[2018-05-12 11:17:23,607] [INFO] [5108] [139635591837440] [recommender.py] [<module>] [475] <process_id:0, sql condition:Fauto_id between 1 and 100>
[2018-05-12 11:17:23,943] [INFO] [5108] [139635591837440] [recommender.py] [run] [394] <KafkaError{code=_PARTITION_EOF,val=-191,str="Broker: No more messages"}>
[2018-05-12 11:17:24,152] [INFO] [5108] [139635591837440] [recommender.py] [run] [394] <KafkaError{code=_PARTITION_EOF,val=-191,str="Broker: No more messages"}>
[2018-05-12 11:17:29,362] [INFO] [5108] [139635591837440] [recommender.py] [<module>] [475] <process_id:0, sql condition:Fauto_id between 101 and 200>
[2018-05-12 11:17:49,015] [INFO] [5121] [140520417318656] [recommender.py] [<module>] [475] <process_id:0, sql condition:Fauto_id between 1 and 100>
[2018-05-12 11:17:49,365] [INFO] [5121] [140520417318656] [recommender.py] [run] [394] <KafkaError{code=_PARTITION_EOF,val=-191,str="Broker: No more messages"}>
[2018-05-12 11:17:49,579] [INFO] [5121] [140520417318656] [recommender.py] [run] [394] <KafkaError{code=_PARTITION_EOF,val=-191,str="Broker: No more messages"}>
[2018-05-12 11:17:54,791] [INFO] [5121] [140520417318656] [recommender.py] [<module>] [475] <process_id:0, sql condition:Fauto_id between 101 and 200>
[2018-05-12 11:18:32,384] [INFO] [5141] [139635550242560] [recommender.py] [<module>] [475] <process_id:0, sql condition:Fauto_id between 1 and 100>
[2018-05-12 11:18:32,719] [INFO] [5141] [139635550242560] [recommender.py] [run] [394] <KafkaError{code=_PARTITION_EOF,val=-191,str="Broker: No more messages"}>
[2018-05-12 11:18:32,935] [INFO] [5141] [139635550242560] [recommender.py] [run] [394] <KafkaError{code=_PARTITION_EOF,val=-191,str="Broker: No more messages"}>
[2018-05-12 11:18:38,146] [INFO] [5141] [139635550242560] [recommender.py] [<module>] [475] <process_id:0, sql condition:Fauto_id between 101 and 200>
[2018-05-12 11:18:51,421] [INFO] [5154] [140369112446720] [recommender.py] [<module>] [475] <process_id:0, sql condition:Fauto_id between 1 and 100>
[2018-05-12 11:18:51,758] [INFO] [5154] [140369112446720] [recommender.py] [run] [394] <KafkaError{code=_PARTITION_EOF,val=-191,str="Broker: No more messages"}>
[2018-05-12 11:18:51,969] [INFO] [5154] [140369112446720] [recommender.py] [run] [394] <KafkaError{code=_PARTITION_EOF,val=-191,str="Broker: No more messages"}>
[2018-05-12 11:18:57,180] [INFO] [5154] [140369112446720] [recommender.py] [<module>] [475] <process_id:0, sql condition:Fauto_id between 101 and 200>
[2018-05-12 11:19:02,365] [INFO] [5169] [140479281485568] [recommender.py] [<module>] [475] <process_id:0, sql condition:Fauto_id between 1 and 100>
[2018-05-12 11:19:02,697] [INFO] [5169] [140479281485568] [recommender.py] [run] [394] <KafkaError{code=_PARTITION_EOF,val=-191,str="Broker: No more messages"}>
[2018-05-12 11:19:02,912] [INFO] [5169] [140479281485568] [recommender.py] [run] [394] <KafkaError{code=_PARTITION_EOF,val=-191,str="Broker: No more messages"}>
[2018-05-12 11:19:08,125] [INFO] [5169] [140479281485568] [recommender.py] [<module>] [475] <process_id:0, sql condition:Fauto_id between 101 and 200>
[2018-05-12 11:19:40,962] [INFO] [5193] [139907689674496] [recommender.py] [<module>] [475] <process_id:0, sql condition:Fauto_id between 1 and 100>
[2018-05-12 11:19:41,297] [INFO] [5193] [139907689674496] [recommender.py] [run] [394] <KafkaError{code=_PARTITION_EOF,val=-191,str="Broker: No more messages"}>
[2018-05-12 11:19:41,513] [INFO] [5193] [139907689674496] [recommender.py] [run] [394] <KafkaError{code=_PARTITION_EOF,val=-191,str="Broker: No more messages"}>
[2018-05-12 11:19:46,733] [INFO] [5193] [139907689674496] [recommender.py] [<module>] [475] <process_id:0, sql condition:Fauto_id between 101 and 200>
[2018-05-12 11:20:01,448] [INFO] [5208] [139821715576576] [recommender.py] [<module>] [475] <process_id:0, sql condition:Fauto_id between 1 and 100>
[2018-05-12 11:20:01,793] [INFO] [5208] [139821715576576] [recommender.py] [run] [394] <KafkaError{code=_PARTITION_EOF,val=-191,str="Broker: No more messages"}>
[2018-05-12 11:20:02,006] [INFO] [5208] [139821715576576] [recommender.py] [run] [394] <KafkaError{code=_PARTITION_EOF,val=-191,str="Broker: No more messages"}>
[2018-05-12 11:20:07,219] [INFO] [5208] [139821715576576] [recommender.py] [<module>] [475] <process_id:0, sql condition:Fauto_id between 101 and 200>
[2018-05-12 11:35:30,749] [INFO] [5558] [140618634192640] [recommender.py] [<module>] [476] <process_id:0, sql condition:Fauto_id between 1 and 100>
[2018-05-12 11:35:31,082] [INFO] [5558] [140618634192640] [recommender.py] [run] [395] <KafkaError{code=_PARTITION_EOF,val=-191,str="Broker: No more messages"}>
[2018-05-12 11:35:31,295] [INFO] [5558] [140618634192640] [recommender.py] [run] [395] <KafkaError{code=_PARTITION_EOF,val=-191,str="Broker: No more messages"}>
[2018-05-12 11:35:36,507] [INFO] [5558] [140618634192640] [recommender.py] [<module>] [476] <process_id:0, sql condition:Fauto_id between 101 and 200>
[2018-05-12 11:57:42,983] [INFO] [5685] [140443623692032] [recommender.py] [<module>] [475] <process_id:0, sql condition:Fauto_id between 1 and 100>
[2018-05-12 11:57:43,326] [INFO] [5685] [140443623692032] [recommender.py] [run] [394] <KafkaError{code=_PARTITION_EOF,val=-191,str="Broker: No more messages"}>
[2018-05-12 11:57:43,535] [INFO] [5685] [140443623692032] [recommender.py] [run] [394] <KafkaError{code=_PARTITION_EOF,val=-191,str="Broker: No more messages"}>
[2018-05-12 11:57:48,752] [INFO] [5685] [140443623692032] [recommender.py] [<module>] [475] <process_id:0, sql condition:Fauto_id between 101 and 200>
[2018-05-12 11:59:15,818] [INFO] [5708] [139711890392832] [recommender.py] [<module>] [475] <process_id:0, sql condition:Fauto_id between 1 and 100>
[2018-05-12 11:59:16,157] [INFO] [5708] [139711890392832] [recommender.py] [run] [394] <KafkaError{code=_PARTITION_EOF,val=-191,str="Broker: No more messages"}>
[2018-05-12 11:59:16,369] [INFO] [5708] [139711890392832] [recommender.py] [run] [394] <KafkaError{code=_PARTITION_EOF,val=-191,str="Broker: No more messages"}>
[2018-05-12 11:59:21,688] [INFO] [5708] [139711890392832] [recommender.py] [<module>] [475] <process_id:0, sql condition:Fauto_id between 101 and 200>
[2018-05-12 12:05:30,306] [INFO] [6011] [139947188180736] [recommender.py] [<module>] [475] <process_id:0, sql condition:Fauto_id between 1 and 100>
[2018-05-12 12:05:30,433] [INFO] [6011] [139947188180736] [recommender.py] [run] [394] <KafkaError{code=_PARTITION_EOF,val=-191,str="Broker: No more messages"}>
[2018-05-12 12:05:30,537] [INFO] [6011] [139947188180736] [recommender.py] [run] [394] <KafkaError{code=_PARTITION_EOF,val=-191,str="Broker: No more messages"}>
[2018-05-12 12:05:35,755] [INFO] [6011] [139947188180736] [recommender.py] [<module>] [475] <process_id:0, sql condition:Fauto_id between 101 and 200>
[2018-05-12 12:05:39,787] [INFO] [6024] [139666467010304] [recommender.py] [<module>] [475] <process_id:0, sql condition:Fauto_id between 1 and 100>
[2018-05-12 12:05:40,122] [INFO] [6024] [139666467010304] [recommender.py] [run] [394] <KafkaError{code=_PARTITION_EOF,val=-191,str="Broker: No more messages"}>
[2018-05-12 12:05:40,333] [INFO] [6024] [139666467010304] [recommender.py] [run] [394] <KafkaError{code=_PARTITION_EOF,val=-191,str="Broker: No more messages"}>
[2018-05-12 12:05:45,648] [INFO] [6024] [139666467010304] [recommender.py] [<module>] [475] <process_id:0, sql condition:Fauto_id between 101 and 200>
[2018-05-12 12:05:52,479] [INFO] [6037] [140667899414272] [recommender.py] [<module>] [475] <process_id:0, sql condition:Fauto_id between 1 and 100>
[2018-05-12 12:05:52,813] [INFO] [6037] [140667899414272] [recommender.py] [run] [394] <KafkaError{code=_PARTITION_EOF,val=-191,str="Broker: No more messages"}>
[2018-05-12 12:05:53,028] [INFO] [6037] [140667899414272] [recommender.py] [run] [394] <KafkaError{code=_PARTITION_EOF,val=-191,str="Broker: No more messages"}>
[2018-05-12 12:05:58,343] [INFO] [6037] [140667899414272] [recommender.py] [<module>] [475] <process_id:0, sql condition:Fauto_id between 101 and 200>
[2018-05-12 12:06:11,793] [INFO] [6052] [139638763521792] [recommender.py] [<module>] [475] <process_id:0, sql condition:Fauto_id between 1 and 100>
[2018-05-12 12:06:12,126] [INFO] [6052] [139638763521792] [recommender.py] [run] [394] <KafkaError{code=_PARTITION_EOF,val=-191,str="Broker: No more messages"}>
[2018-05-12 12:06:12,334] [INFO] [6052] [139638763521792] [recommender.py] [run] [394] <KafkaError{code=_PARTITION_EOF,val=-191,str="Broker: No more messages"}>
[2018-05-12 12:06:17,647] [INFO] [6052] [139638763521792] [recommender.py] [<module>] [475] <process_id:0, sql condition:Fauto_id between 101 and 200>
[2018-05-12 12:06:24,189] [INFO] [6065] [140672682624768] [recommender.py] [<module>] [475] <process_id:0, sql condition:Fauto_id between 1 and 100>
[2018-05-12 12:06:24,520] [INFO] [6065] [140672682624768] [recommender.py] [run] [394] <KafkaError{code=_PARTITION_EOF,val=-191,str="Broker: No more messages"}>
[2018-05-12 12:06:24,731] [INFO] [6065] [140672682624768] [recommender.py] [run] [394] <KafkaError{code=_PARTITION_EOF,val=-191,str="Broker: No more messages"}>
[2018-05-12 12:06:30,049] [INFO] [6065] [140672682624768] [recommender.py] [<module>] [475] <process_id:0, sql condition:Fauto_id between 101 and 200>
[2018-05-12 12:06:52,745] [INFO] [6078] [140198486755072] [recommender.py] [<module>] [475] <process_id:0, sql condition:Fauto_id between 1 and 100>
[2018-05-12 12:06:53,080] [INFO] [6078] [140198486755072] [recommender.py] [run] [394] <KafkaError{code=_PARTITION_EOF,val=-191,str="Broker: No more messages"}>
[2018-05-12 12:06:53,293] [INFO] [6078] [140198486755072] [recommender.py] [run] [394] <KafkaError{code=_PARTITION_EOF,val=-191,str="Broker: No more messages"}>
[2018-05-12 12:06:58,609] [INFO] [6078] [140198486755072] [recommender.py] [<module>] [475] <process_id:0, sql condition:Fauto_id between 101 and 200>
[2018-05-12 12:08:35,819] [INFO] [6097] [140718642091776] [recommender.py] [<module>] [475] <process_id:0, sql condition:Fauto_id between 1 and 100>
[2018-05-12 12:08:36,154] [INFO] [6097] [140718642091776] [recommender.py] [run] [394] <KafkaError{code=_PARTITION_EOF,val=-191,str="Broker: No more messages"}>
[2018-05-12 12:08:36,364] [INFO] [6097] [140718642091776] [recommender.py] [run] [394] <KafkaError{code=_PARTITION_EOF,val=-191,str="Broker: No more messages"}>
[2018-05-12 12:08:41,783] [INFO] [6097] [140718642091776] [recommender.py] [<module>] [475] <process_id:0, sql condition:Fauto_id between 101 and 200>
